// Jest Snapshot v1, https://goo.gl/fbAQLP

exports[`it renders the main ui element correctly 1`] = `
.c0 {
  text-align: center;
  margin: 1rem 4rem;
  display: -webkit-box;
  display: -webkit-flex;
  display: -ms-flexbox;
  display: flex;
  -webkit-flex-direction: column;
  -ms-flex-direction: column;
  flex-direction: column;
  -webkit-align-items: center;
  -webkit-box-align: center;
  -ms-flex-align: center;
  align-items: center;
}

<main
  className="c0"
/>
`;
